{
  "version": "1.5.0",
  "plugins_used": [
    {
      "name": "ArtifactoryDetector"
    },
    {
      "name": "AWSKeyDetector"
    },
    {
      "name": "AzureStorageKeyDetector"
    },
    {
      "name": "Base64HighEntropyString",
      "limit": 4.5
    },
    {
      "name": "BasicAuthDetector"
    },
    {
      "name": "CloudantDetector"
    },
    {
      "name": "DiscordBotTokenDetector"
    },
    {
      "name": "GitHubTokenDetector"
    },
    {
      "name": "GitLabTokenDetector"
    },
    {
      "name": "HexHighEntropyString",
      "limit": 3.0
    },
    {
      "name": "IbmCloudIamDetector"
    },
    {
      "name": "IbmCosHmacDetector"
    },
    {
      "name": "IPPublicDetector"
    },
    {
      "name": "JwtTokenDetector"
    },
    {
      "name": "KeywordDetector",
      "keyword_exclude": ""
    },
    {
      "name": "MailchimpDetector"
    },
    {
      "name": "NpmDetector"
    },
    {
      "name": "OpenAIDetector"
    },
    {
      "name": "PrivateKeyDetector"
    },
    {
      "name": "PypiTokenDetector"
    },
    {
      "name": "SendGridDetector"
    },
    {
      "name": "SlackDetector"
    },
    {
      "name": "SoftlayerDetector"
    },
    {
      "name": "SquareOAuthDetector"
    },
    {
      "name": "StripeDetector"
    },
    {
      "name": "TelegramBotTokenDetector"
    },
    {
      "name": "TwilioKeyDetector"
    }
  ],
  "filters_used": [
    {
      "path": "detect_secrets.filters.allowlist.is_line_allowlisted"
    },
    {
      "path": "detect_secrets.filters.common.is_ignored_due_to_verification_policies",
      "min_level": 2
    },
    {
      "path": "detect_secrets.filters.heuristic.is_indirect_reference"
    },
    {
      "path": "detect_secrets.filters.heuristic.is_likely_id_string"
    },
    {
      "path": "detect_secrets.filters.heuristic.is_lock_file"
    },
    {
      "path": "detect_secrets.filters.heuristic.is_not_alphanumeric_string"
    },
    {
      "path": "detect_secrets.filters.heuristic.is_potential_uuid"
    },
    {
      "path": "detect_secrets.filters.heuristic.is_prefixed_with_dollar_sign"
    },
    {
      "path": "detect_secrets.filters.heuristic.is_sequential_string"
    },
    {
      "path": "detect_secrets.filters.heuristic.is_swagger_file"
    },
    {
      "path": "detect_secrets.filters.heuristic.is_templated_secret"
    },
    {
      "path": "detect_secrets.filters.regex.should_exclude_file",
      "pattern": [
        "pyproject\\.toml|\\.github/workflows/config/\\.secrets\\.baseline|skills/.*/skill\\.oms\\.sig"
      ]
    }
  ],
  "results": {
    ".github/actions/build-container/action.yml": [
      {
        "type": "Secret Keyword",
        "filename": ".github/actions/build-container/action.yml",
        "hashed_secret": "de4ecef3e7306203de51b2689836ae209612f4b9",
        "is_verified": false,
        "line_number": 123
      }
    ],
    ".github/workflows/cicd-main.yml": [
      {
        "type": "Secret Keyword",
        "filename": ".github/workflows/cicd-main.yml",
        "hashed_secret": "0de7d8c7d76191fdcb236d3c62be9adf20424ca2",
        "is_verified": false,
        "line_number": 351
      }
    ],
    "docs/guides/mlflow-logging.md": [
      {
        "type": "Basic Auth Credentials",
        "filename": "docs/guides/mlflow-logging.md",
        "hashed_secret": "5baa61e4c9b93f3f0682250b6cf8331b7ee68fd8",
        "is_verified": false,
        "line_number": 62
      }
    ],
    "examples/llm_finetune/nemotron/nemotron_super_v3_hellaswag.yaml": [
      {
        "type": "Base64 High Entropy String",
        "filename": "examples/llm_finetune/nemotron/nemotron_super_v3_hellaswag.yaml",
        "hashed_secret": "4702220fec9261c7d9b0c427aceeca118b66c702",
        "is_verified": false,
        "line_number": 42
      }
    ],
    "examples/llm_finetune/nemotron/nemotron_super_v3_hellaswag_peft.yaml": [
      {
        "type": "Base64 High Entropy String",
        "filename": "examples/llm_finetune/nemotron/nemotron_super_v3_hellaswag_peft.yaml",
        "hashed_secret": "4702220fec9261c7d9b0c427aceeca118b66c702",
        "is_verified": false,
        "line_number": 42
      }
    ],
    "fern/versions/nightly/pages/guides/mlflow-logging.mdx": [
      {
        "type": "Basic Auth Credentials",
        "filename": "fern/versions/nightly/pages/guides/mlflow-logging.mdx",
        "hashed_secret": "5baa61e4c9b93f3f0682250b6cf8331b7ee68fd8",
        "is_verified": false,
        "line_number": 65
      }
    ],
    "fern/versions/v0.4/pages/guides/mlflow-logging.mdx": [
      {
        "type": "Basic Auth Credentials",
        "filename": "fern/versions/v0.4/pages/guides/mlflow-logging.mdx",
        "hashed_secret": "5baa61e4c9b93f3f0682250b6cf8331b7ee68fd8",
        "is_verified": false,
        "line_number": 65
      }
    ],
    "tests/unit_tests/_cli/test_app.py": [
      {
        "type": "Secret Keyword",
        "filename": "tests/unit_tests/_cli/test_app.py",
        "hashed_secret": "a02c54a1935bda726904a619061de5b73db2f2e2",
        "is_verified": false,
        "line_number": 295
      }
    ],
    "tests/unit_tests/config/test_allowed_import_prefixes.py": [
      {
        "type": "Secret Keyword",
        "filename": "tests/unit_tests/config/test_allowed_import_prefixes.py",
        "hashed_secret": "a761ce3a45d97e41840a788495e85a70d1bb3815",
        "is_verified": false,
        "line_number": 80
      },
      {
        "type": "Secret Keyword",
        "filename": "tests/unit_tests/config/test_allowed_import_prefixes.py",
        "hashed_secret": "4fa2519ad2d85de09d4f42a73eb361a01efc1549",
        "is_verified": false,
        "line_number": 81
      },
      {
        "type": "Secret Keyword",
        "filename": "tests/unit_tests/config/test_allowed_import_prefixes.py",
        "hashed_secret": "77ace0be5333763f83a5456cf55fa362e23a2538",
        "is_verified": false,
        "line_number": 97
      },
      {
        "type": "Secret Keyword",
        "filename": "tests/unit_tests/config/test_allowed_import_prefixes.py",
        "hashed_secret": "aa6878b1c31a9420245df1daffb7b223338737a3",
        "is_verified": false,
        "line_number": 101
      }
    ],
    "tests/unit_tests/launcher/test_skypilot_config.py": [
      {
        "type": "Secret Keyword",
        "filename": "tests/unit_tests/launcher/test_skypilot_config.py",
        "hashed_secret": "23820ff777e6834c5bccd451745ea89f445be930",
        "is_verified": false,
        "line_number": 91
      }
    ],
    "tests/unit_tests/launcher/test_skypilot_utils.py": [
      {
        "type": "Secret Keyword",
        "filename": "tests/unit_tests/launcher/test_skypilot_utils.py",
        "hashed_secret": "c4509678fa63661fe4d8f3ad645a8d6685148626",
        "is_verified": false,
        "line_number": 105
      }
    ]
  },
  "generated_at": "2026-05-28T01:55:23Z"
}
