{
  "version": "1.5.0",
  "plugins_used": [
    {
      "name": "ArtifactoryDetector"
    },
    {
      "name": "AWSKeyDetector"
    },
    {
      "name": "AzureStorageKeyDetector"
    },
    {
      "name": "Base64HighEntropyString",
      "limit": 4.5
    },
    {
      "name": "BasicAuthDetector"
    },
    {
      "name": "CloudantDetector"
    },
    {
      "name": "DiscordBotTokenDetector"
    },
    {
      "name": "GitHubTokenDetector"
    },
    {
      "name": "GitLabTokenDetector"
    },
    {
      "name": "HexHighEntropyString",
      "limit": 3.0
    },
    {
      "name": "IbmCloudIamDetector"
    },
    {
      "name": "IbmCosHmacDetector"
    },
    {
      "name": "IPPublicDetector"
    },
    {
      "name": "JwtTokenDetector"
    },
    {
      "name": "MailchimpDetector"
    },
    {
      "name": "NpmDetector"
    },
    {
      "name": "OpenAIDetector"
    },
    {
      "name": "PrivateKeyDetector"
    },
    {
      "name": "PypiTokenDetector"
    },
    {
      "name": "SendGridDetector"
    },
    {
      "name": "SlackDetector"
    },
    {
      "name": "SoftlayerDetector"
    },
    {
      "name": "SquareOAuthDetector"
    },
    {
      "name": "StripeDetector"
    },
    {
      "name": "TelegramBotTokenDetector"
    },
    {
      "name": "TwilioKeyDetector"
    }
  ],
  "filters_used": [
    {
      "path": "detect_secrets.filters.allowlist.is_line_allowlisted"
    },
    {
      "path": "detect_secrets.filters.common.is_ignored_due_to_verification_policies",
      "min_level": 2
    },
    {
      "path": "detect_secrets.filters.heuristic.is_indirect_reference"
    },
    {
      "path": "detect_secrets.filters.heuristic.is_likely_id_string"
    },
    {
      "path": "detect_secrets.filters.heuristic.is_lock_file"
    },
    {
      "path": "detect_secrets.filters.heuristic.is_not_alphanumeric_string"
    },
    {
      "path": "detect_secrets.filters.heuristic.is_potential_uuid"
    },
    {
      "path": "detect_secrets.filters.heuristic.is_prefixed_with_dollar_sign"
    },
    {
      "path": "detect_secrets.filters.heuristic.is_sequential_string"
    },
    {
      "path": "detect_secrets.filters.heuristic.is_swagger_file"
    },
    {
      "path": "detect_secrets.filters.heuristic.is_templated_secret"
    },
    {
      "path": "detect_secrets.filters.regex.should_exclude_file",
      "pattern": [
        "pyproject\\.toml|\\.github/workflows/config/\\.secrets\\.baseline"
      ]
    }
  ],
  "results": {
    "docs/guides/mlflow-logging.md": [
      {
        "type": "Basic Auth Credentials",
        "filename": "docs/guides/mlflow-logging.md",
        "hashed_secret": "5baa61e4c9b93f3f0682250b6cf8331b7ee68fd8",
        "is_verified": false,
        "line_number": 62
      }
    ],
    "examples/llm_finetune/nemotron/nemotron_super_v3_hellaswag.yaml": [
      {
        "type": "Base64 High Entropy String",
        "filename": "examples/llm_finetune/nemotron/nemotron_super_v3_hellaswag.yaml",
        "hashed_secret": "4702220fec9261c7d9b0c427aceeca118b66c702",
        "is_verified": false,
        "line_number": 42
      }
    ],
    "examples/llm_finetune/nemotron/nemotron_super_v3_hellaswag_peft.yaml": [
      {
        "type": "Base64 High Entropy String",
        "filename": "examples/llm_finetune/nemotron/nemotron_super_v3_hellaswag_peft.yaml",
        "hashed_secret": "4702220fec9261c7d9b0c427aceeca118b66c702",
        "is_verified": false,
        "line_number": 42
      }
    ],
    "fern/versions/nightly/pages/guides/mlflow-logging.mdx": [
      {
        "type": "Basic Auth Credentials",
        "filename": "fern/versions/nightly/pages/guides/mlflow-logging.mdx",
        "hashed_secret": "5baa61e4c9b93f3f0682250b6cf8331b7ee68fd8",
        "is_verified": false,
        "line_number": 65
      }
    ],
    "fern/versions/v0.4/pages/guides/mlflow-logging.mdx": [
      {
        "type": "Basic Auth Credentials",
        "filename": "fern/versions/v0.4/pages/guides/mlflow-logging.mdx",
        "hashed_secret": "5baa61e4c9b93f3f0682250b6cf8331b7ee68fd8",
        "is_verified": false,
        "line_number": 65
      }
    ],
    "skills/nemo-automodel-distributed-training/skill.oms.sig": [
      {
        "type": "Base64 High Entropy String",
        "filename": "skills/nemo-automodel-distributed-training/skill.oms.sig",
        "hashed_secret": "27f279def1dd10c0eccc0f7aafc4ca12be645f5b",
        "is_verified": false,
        "line_number": 1
      },
      {
        "type": "Base64 High Entropy String",
        "filename": "skills/nemo-automodel-distributed-training/skill.oms.sig",
        "hashed_secret": "38f44551296d8067ce590661c8d75f85d50b0d18",
        "is_verified": false,
        "line_number": 1
      },
      {
        "type": "Base64 High Entropy String",
        "filename": "skills/nemo-automodel-distributed-training/skill.oms.sig",
        "hashed_secret": "aa3ab3dc5a0b80e649347edd60beb7ee1bd57781",
        "is_verified": false,
        "line_number": 1
      },
      {
        "type": "Base64 High Entropy String",
        "filename": "skills/nemo-automodel-distributed-training/skill.oms.sig",
        "hashed_secret": "db36278959ea4d6a27951ea31a22b786749bdb26",
        "is_verified": false,
        "line_number": 1
      },
      {
        "type": "Base64 High Entropy String",
        "filename": "skills/nemo-automodel-distributed-training/skill.oms.sig",
        "hashed_secret": "ff506afd132cb1fa4f4a681bc82970eae046ac6f",
        "is_verified": false,
        "line_number": 1
      }
    ],
    "skills/nemo-automodel-launcher-config/skill.oms.sig": [
      {
        "type": "Base64 High Entropy String",
        "filename": "skills/nemo-automodel-launcher-config/skill.oms.sig",
        "hashed_secret": "27f279def1dd10c0eccc0f7aafc4ca12be645f5b",
        "is_verified": false,
        "line_number": 1
      },
      {
        "type": "Base64 High Entropy String",
        "filename": "skills/nemo-automodel-launcher-config/skill.oms.sig",
        "hashed_secret": "41da42b2aadb7025d2cd7ddfb728201b7a0cac3e",
        "is_verified": false,
        "line_number": 1
      },
      {
        "type": "Base64 High Entropy String",
        "filename": "skills/nemo-automodel-launcher-config/skill.oms.sig",
        "hashed_secret": "aa3ab3dc5a0b80e649347edd60beb7ee1bd57781",
        "is_verified": false,
        "line_number": 1
      },
      {
        "type": "Base64 High Entropy String",
        "filename": "skills/nemo-automodel-launcher-config/skill.oms.sig",
        "hashed_secret": "db36278959ea4d6a27951ea31a22b786749bdb26",
        "is_verified": false,
        "line_number": 1
      },
      {
        "type": "Base64 High Entropy String",
        "filename": "skills/nemo-automodel-launcher-config/skill.oms.sig",
        "hashed_secret": "f5bbd5d2e338d6b86ea381388f3d95da055d6c4f",
        "is_verified": false,
        "line_number": 1
      }
    ],
    "skills/nemo-automodel-model-onboarding/skill.oms.sig": [
      {
        "type": "Base64 High Entropy String",
        "filename": "skills/nemo-automodel-model-onboarding/skill.oms.sig",
        "hashed_secret": "27f279def1dd10c0eccc0f7aafc4ca12be645f5b",
        "is_verified": false,
        "line_number": 1
      },
      {
        "type": "Base64 High Entropy String",
        "filename": "skills/nemo-automodel-model-onboarding/skill.oms.sig",
        "hashed_secret": "5e79ada06ba62f1b45f823e6e95d3a397d539425",
        "is_verified": false,
        "line_number": 1
      },
      {
        "type": "Base64 High Entropy String",
        "filename": "skills/nemo-automodel-model-onboarding/skill.oms.sig",
        "hashed_secret": "aa3ab3dc5a0b80e649347edd60beb7ee1bd57781",
        "is_verified": false,
        "line_number": 1
      },
      {
        "type": "Base64 High Entropy String",
        "filename": "skills/nemo-automodel-model-onboarding/skill.oms.sig",
        "hashed_secret": "db36278959ea4d6a27951ea31a22b786749bdb26",
        "is_verified": false,
        "line_number": 1
      },
      {
        "type": "Base64 High Entropy String",
        "filename": "skills/nemo-automodel-model-onboarding/skill.oms.sig",
        "hashed_secret": "f07ea066e7d00e901a53aa9a339642fb701ffe0e",
        "is_verified": false,
        "line_number": 1
      }
    ],
    "skills/nemo-automodel-recipe-development/skill.oms.sig": [
      {
        "type": "Base64 High Entropy String",
        "filename": "skills/nemo-automodel-recipe-development/skill.oms.sig",
        "hashed_secret": "1cd7b68cd673562c993553036c132a16803e4448",
        "is_verified": false,
        "line_number": 1
      },
      {
        "type": "Base64 High Entropy String",
        "filename": "skills/nemo-automodel-recipe-development/skill.oms.sig",
        "hashed_secret": "27f279def1dd10c0eccc0f7aafc4ca12be645f5b",
        "is_verified": false,
        "line_number": 1
      },
      {
        "type": "Base64 High Entropy String",
        "filename": "skills/nemo-automodel-recipe-development/skill.oms.sig",
        "hashed_secret": "2ae67575536d015521ffd55576c61cef47251b37",
        "is_verified": false,
        "line_number": 1
      },
      {
        "type": "Base64 High Entropy String",
        "filename": "skills/nemo-automodel-recipe-development/skill.oms.sig",
        "hashed_secret": "aa3ab3dc5a0b80e649347edd60beb7ee1bd57781",
        "is_verified": false,
        "line_number": 1
      },
      {
        "type": "Base64 High Entropy String",
        "filename": "skills/nemo-automodel-recipe-development/skill.oms.sig",
        "hashed_secret": "db36278959ea4d6a27951ea31a22b786749bdb26",
        "is_verified": false,
        "line_number": 1
      }
    ]
  },
  "generated_at": "2026-05-29T12:02:30Z"
}
